Resolving dependencies...
Downloading packages...
  _flutterfire_internals 1.3.59 (1.3.66 available)
  camera 0.11.3 (0.11.3+1 available)
  camera_android_camerax 0.6.28 (0.6.30 available)
  camera_avfoundation 0.9.22+9 (0.9.23+2 available)
  characters 1.4.0 (1.4.1 available)
  cross_file 0.3.5+1 (0.3.5+2 available)
  ffi 2.1.5 (2.2.0 available)
  firebase_auth 5.7.0 (6.1.4 available)
  firebase_auth_platform_interface 7.7.3 (8.1.6 available)
  firebase_auth_web 5.15.3 (6.1.2 available)
  firebase_core 3.15.2 (4.4.0 available)
  firebase_core_web 2.24.1 (3.4.0 available)
  flutter_launcher_icons 0.13.1 (0.14.4 available)
  flutter_lints 4.0.0 (6.0.0 available)
  flutter_riverpod 2.6.1 (3.2.1 available)
  go_router 14.8.1 (17.1.0 available)
  google_fonts 8.0.0 (8.0.1 available)
  google_sign_in 6.3.0 (7.2.0 available)
  google_sign_in_android 6.2.1 (7.2.7 available)
  google_sign_in_ios 5.9.0 (6.3.0 available)
  google_sign_in_platform_interface 2.5.0 (3.1.0 available)
  google_sign_in_web 0.12.4+4 (1.1.0 available)
  hooks 1.0.0 (1.0.1 available)
  image_picker_ios 0.8.13+5 (0.8.13+6 available)
  lints 4.0.0 (6.1.0 available)
  matcher 0.12.17 (0.12.18 available)
  material_color_utilities 0.11.1 (0.13.0 available)
  meta 1.17.0 (1.18.1 available)
  objective_c 9.2.5 (9.3.0 available)
  permission_handler 11.4.0 (12.0.1 available)
  permission_handler_android 12.1.0 (13.0.1 available)
  riverpod 2.6.1 (3.2.1 available)
  source_span 1.10.1 (1.10.2 available)
  test_api 0.7.7 (0.7.9 available)
  video_player_avfoundation 2.9.0 (2.9.1 available)
Got dependencies!
35 packages have newer versions incompatible with dependency constraints.
Try `flutter pub outdated` for more information.
00:00 +0: loading /Users/phu/se/se-lifeguardian/test/pose_detection_service_test.dart                                                                                                                  00:01 +0: loading /Users/phu/se/se-lifeguardian/test/pose_detection_service_test.dart                                                                                                                  00:01 +0: /Users/phu/se/se-lifeguardian/test/pose_detection_service_test.dart: PoseDetectionService Logic getTorsoAngle returns ~90 for upright torso                                                  00:01 +1: /Users/phu/se/se-lifeguardian/test/pose_detection_service_test.dart: PoseDetectionService Logic getTorsoAngle returns ~90 for upright torso                                                  00:01 +1: /Users/phu/se/se-lifeguardian/test/pose_detection_service_test.dart: PoseDetectionService Logic getTorsoAngle returns ~0 for laying torso                                                    00:01 +2: /Users/phu/se/se-lifeguardian/test/pose_detection_service_test.dart: PoseDetectionService Logic getTorsoAngle returns ~0 for laying torso                                                    00:01 +2: /Users/phu/se/se-lifeguardian/test/pose_detection_service_test.dart: PoseDetectionService Logic isLaying returns true when torso is horizontal                                               00:01 +3: /Users/phu/se/se-lifeguardian/test/pose_detection_service_test.dart: PoseDetectionService Logic isLaying returns true when torso is horizontal                                               lib/src/app.dart:12:33: Error: The getter 'themeModeProvider' isn't defined for the type 'LifeguardianApp'.
 - 'LifeguardianApp' is from 'package:lifeguardian/src/app.dart' ('lib/src/app.dart').
Try correcting the name to the name of an existing getter, or defining a getter or field named 'themeModeProvider'.
    final themeMode = ref.watch(themeModeProvider);
                                ^^^^^^^^^^^^^^^^^
00:02 +3 -1: loading /Users/phu/se/se-lifeguardian/test/widget_test.dart [E]                                                                                                                           
  Failed to load "/Users/phu/se/se-lifeguardian/test/widget_test.dart":
  Compilation failed for testPath=/Users/phu/se/se-lifeguardian/test/widget_test.dart: lib/src/app.dart:12:33: Error: The getter 'themeModeProvider' isn't defined for the type 'LifeguardianApp'.
   - 'LifeguardianApp' is from 'package:lifeguardian/src/app.dart' ('lib/src/app.dart').
  Try correcting the name to the name of an existing getter, or defining a getter or field named 'themeModeProvider'.
      final themeMode = ref.watch(themeModeProvider);
                                  ^^^^^^^^^^^^^^^^^
  .

To run this test again: /opt/homebrew/share/flutter/bin/cache/dart-sdk/bin/dart test /Users/phu/se/se-lifeguardian/test/widget_test.dart -p vm --plain-name 'loading /Users/phu/se/se-lifeguardian/test/widget_test.dart'
00:02 +3 -1: Some tests failed.                                                                                                                                                                        
